<?xml version="1.0" encoding="utf-8"?>
<TestRun id="d1c6d226-6b7e-458a-93c1-84cea4321225" name="Administrateur@DESKTOP-3K30LOO 2026-07-27 21:29:29" runUser="DESKTOP-3K30LOO\Administrateur" xmlns="http://microsoft.com/schemas/VisualStudio/TeamTest/2010">
  <Times creation="2026-07-27T21:29:29.2806176+01:00" queuing="2026-07-27T21:29:29.2806178+01:00" start="2026-07-27T21:29:13.1560520+01:00" finish="2026-07-27T21:29:30.1661583+01:00" />
  <TestSettings name="default" id="e87e180a-e3d6-4fe4-846b-1c65ed5db7c8">
    <Deployment runDeploymentRoot="Administrateur_DESKTOP-3K30LOO_2026-07-27_21_29_29" />
  </TestSettings>
  <Results>
    <UnitTestResult executionId="52fa7e93-b813-457c-ba7a-da9bde7754fc" testId="324b3aae-fd02-d455-ee4e-8584943c3ac7" testName="CollectManagement.Tests.Features.Types.Mapping.TypeMappingTests.Should_Map_Type_To_GetOneTypeResponse" computerName="DESKTOP-3K30LOO" duration="00:00:00.0267233" startTime="2026-07-27T21:29:29.2308512+01:00" endTime="2026-07-27T21:29:29.2308513+01:00" testType="13cdc9d9-ddb5-4fa4-a97d-d965ccfc6d4b" outcome="Passed" testListId="8c84fa94-04c1-424b-9868-57a2d4851a1d" relativeResultsDirectory="52fa7e93-b813-457c-ba7a-da9bde7754fc" />
    <UnitTestResult executionId="8f8c621f-13b6-4bf4-a8f7-00739c1cfc6e" testId="38800080-3113-9458-32d3-d4927c3ea7dd" testName="CollectManagement.Tests.Features.Domain.Types.TypeTests.Create_Should_Create_Type" computerName="DESKTOP-3K30LOO" duration="00:00:00.0291903" startTime="2026-07-27T21:29:29.2194084+01:00" endTime="2026-07-27T21:29:29.2194086+01:00" testType="13cdc9d9-ddb5-4fa4-a97d-d965ccfc6d4b" outcome="Passed" testListId="8c84fa94-04c1-424b-9868-57a2d4851a1d" relativeResultsDirectory="8f8c621f-13b6-4bf4-a8f7-00739c1cfc6e" />
    <UnitTestResult executionId="7615a1a8-edcf-4b07-be25-87117c7c2c50" testId="f4b4bd24-cd1e-c52c-f771-ed63f057321c" testName="CollectManagement.Tests.Features.Maintenances.Queries.GetOneMaintenanceQueryHandlerTests.Handle_Should_Return_Maintenance_When_Exists" computerName="DESKTOP-3K30LOO" duration="00:00:00.2199641" startTime="2026-07-27T21:29:29.2323740+01:00" endTime="2026-07-27T21:29:29.2323741+01:00" testType="13cdc9d9-ddb5-4fa4-a97d-d965ccfc6d4b" outcome="Passed" testListId="8c84fa94-04c1-424b-9868-57a2d4851a1d" relativeResultsDirectory="7615a1a8-edcf-4b07-be25-87117c7c2c50" />
    <UnitTestResult executionId="333e8d60-ed3f-43d4-99c1-5a529e5c5abc" testId="cabd7737-29c4-5935-2920-061513578afe" testName="CollectManagement.Tests.Features.Alertes.Mapping.AlerteMappingTests.ShouldMapAlerteToCreateAlerteResponse" computerName="DESKTOP-3K30LOO" duration="00:00:00.0065424" startTime="2026-07-27T21:29:29.2328444+01:00" endTime="2026-07-27T21:29:29.2328444+01:00" testType="13cdc9d9-ddb5-4fa4-a97d-d965ccfc6d4b" outcome="Passed" testListId="8c84fa94-04c1-424b-9868-57a2d4851a1d" relativeResultsDirectory="333e8d60-ed3f-43d4-99c1-5a529e5c5abc" />
    <UnitTestResult executionId="948affc8-4637-4889-bd73-374a280bbf4b" testId="78888aa4-27ec-53c2-a20c-99807d853c1a" testName="CollectManagement.Tests.Features.Types.Mapping.TypeMappingTests.Should_Map_Type_To_CreateTypeResponse" computerName="DESKTOP-3K30LOO" duration="00:00:00.0069516" startTime="2026-07-27T21:29:29.2332288+01:00" endTime="2026-07-27T21:29:29.2332289+01:00" testType="13cdc9d9-ddb5-4fa4-a97d-d965ccfc6d4b" outcome="Passed" testListId="8c84fa94-04c1-424b-9868-57a2d4851a1d" relativeResultsDirectory="948affc8-4637-4889-bd73-374a280bbf4b" />
    <UnitTestResult executionId="44133270-7320-4b38-b735-532399932725" testId="7dd0b58e-6fcd-3c0e-3d66-fd73e0cc9bb3" testName="CollectManagement.Tests.Features.Maintenances.Commands.DeleteMaintenanceCommandHandlerTests.HandleShouldDeleteMaintenance" computerName="DESKTOP-3K30LOO" duration="00:00:00.1534177" startTime="2026-07-27T21:29:29.1644435+01:00" endTime="2026-07-27T21:29:29.1644756+01:00" testType="13cdc9d9-ddb5-4fa4-a97d-d965ccfc6d4b" outcome="Passed" testListId="8c84fa94-04c1-424b-9868-57a2d4851a1d" relativeResultsDirectory="44133270-7320-4b38-b735-532399932725" />
    <UnitTestResult executionId="fb9cbeb4-f72f-4e41-b979-551ea9eb08c9" testId="19d2514c-1f2f-2294-ac17-bdb20e8b2e53" testName="CollectManagement.Tests.Features.Alertes.GetOneAlerteQueryHandlerTests.HandleShouldReturnAlerteWhenExists" computerName="DESKTOP-3K30LOO" duration="00:00:00.0295382" startTime="2026-07-27T21:29:29.2326022+01:00" endTime="2026-07-27T21:29:29.2326023+01:00" testType="13cdc9d9-ddb5-4fa4-a97d-d965ccfc6d4b" outcome="Passed" testListId="8c84fa94-04c1-424b-9868-57a2d4851a1d" relativeResultsDirectory="fb9cbeb4-f72f-4e41-b979-551ea9eb08c9" />
    <UnitTestResult executionId="9af97d30-b4c0-4881-93bd-5c0c6d5a2617" testId="81b23979-fe63-4eaf-668b-bab4d33f346f" testName="CollectManagement.Tests.Features.Devices.GetPagedListDeviceQueryHandlerTests.HandleShouldReturnPagedResult" computerName="DESKTOP-3K30LOO" duration="00:00:00.0053376" startTime="2026-07-27T21:29:29.2258109+01:00" endTime="2026-07-27T21:29:29.2258110+01:00" testType="13cdc9d9-ddb5-4fa4-a97d-d965ccfc6d4b" outcome="Passed" testListId="8c84fa94-04c1-424b-9868-57a2d4851a1d" relativeResultsDirectory="9af97d30-b4c0-4881-93bd-5c0c6d5a2617" />
    <UnitTestResult executionId="99ff34ed-ebbd-4c95-89ef-1ad49dc38649" testId="05f5f8de-970e-d0a7-ed20-8621a45e0c05" testName="CollectManagement.Tests.Features.Devices.GetOneDeviceQueryHandlerTests.HandleShouldReturnDeviceWhenExists" computerName="DESKTOP-3K30LOO" duration="00:00:00.2179215" startTime="2026-07-27T21:29:29.2303536+01:00" endTime="2026-07-27T21:29:29.2303536+01:00" testType="13cdc9d9-ddb5-4fa4-a97d-d965ccfc6d4b" outcome="Passed" testListId="8c84fa94-04c1-424b-9868-57a2d4851a1d" relativeResultsDirectory="99ff34ed-ebbd-4c95-89ef-1ad49dc38649" />
    <UnitTestResult executionId="292e8509-b908-4ba7-9b88-69755382cdc3" testId="da364873-23e4-7a4d-67cd-51dfff98ca17" testName="CollectManagement.Tests.Features.Types.Commands.CreateTypeCommandHandlerTests.Handle_Should_Create_Type" computerName="DESKTOP-3K30LOO" duration="00:00:00.0063650" startTime="2026-07-27T21:29:29.2176901+01:00" endTime="2026-07-27T21:29:29.2176903+01:00" testType="13cdc9d9-ddb5-4fa4-a97d-d965ccfc6d4b" outcome="Passed" testListId="8c84fa94-04c1-424b-9868-57a2d4851a1d" relativeResultsDirectory="292e8509-b908-4ba7-9b88-69755382cdc3" />
    <UnitTestResult executionId="bd35e816-140a-4774-9b3e-20ed352a6a14" testId="5be3ed0e-8502-fe5a-b4e2-e180f7a9e4fd" testName="CollectManagement.Tests.Features.Types.Queries.GetPagedListTypeQueryHandlerTests.Handle_Should_Return_Paged_Types" computerName="DESKTOP-3K30LOO" duration="00:00:00.0180154" startTime="2026-07-27T21:29:29.2271186+01:00" endTime="2026-07-27T21:29:29.2271187+01:00" testType="13cdc9d9-ddb5-4fa4-a97d-d965ccfc6d4b" outcome="Passed" testListId="8c84fa94-04c1-424b-9868-57a2d4851a1d" relativeResultsDirectory="bd35e816-140a-4774-9b3e-20ed352a6a14" />
    <UnitTestResult executionId="0fc6ab4a-4109-4137-8018-1a268f28f1c7" testId="81532a87-5c14-a660-ca12-d16ccfbf44bb" testName="CollectManagement.Tests.Features.Alertes.DeleteAlerteCommandHandlerTests.Handle_Should_Delete_Alerte" computerName="DESKTOP-3K30LOO" duration="00:00:00.0037130" startTime="2026-07-27T21:29:29.2240286+01:00" endTime="2026-07-27T21:29:29.2240288+01:00" testType="13cdc9d9-ddb5-4fa4-a97d-d965ccfc6d4b" outcome="Passed" testListId="8c84fa94-04c1-424b-9868-57a2d4851a1d" relativeResultsDirectory="0fc6ab4a-4109-4137-8018-1a268f28f1c7" />
    <UnitTestResult executionId="7cf31ca4-6d55-4f55-b03c-f85563a0c4de" testId="c066f640-6e49-69aa-0b43-f5f8b0acf1a9" testName="CollectManagement.Tests.Features.Maintenances.Commands.UpdateMaintenanceCommandHandlerTests.HandleShouldUpdateMaintenance" computerName="DESKTOP-3K30LOO" duration="00:00:00.0041566" startTime="2026-07-27T21:29:29.1802734+01:00" endTime="2026-07-27T21:29:29.1802735+01:00" testType="13cdc9d9-ddb5-4fa4-a97d-d965ccfc6d4b" outcome="Passed" testListId="8c84fa94-04c1-424b-9868-57a2d4851a1d" relativeResultsDirectory="7cf31ca4-6d55-4f55-b03c-f85563a0c4de" />
    <UnitTestResult executionId="d81f0135-923f-4462-95ae-e3403a4ac2e5" testId="3efd9c0c-9d24-4e76-b98e-6ef11f3ddcee" testName="CollectManagement.Tests.Features.Devices.Mapping.DeviceMappingTests.Should_Map_Device_To_CreateDeviceResponse" computerName="DESKTOP-3K30LOO" duration="00:00:00.0076261" startTime="2026-07-27T21:29:29.2330499+01:00" endTime="2026-07-27T21:29:29.2330499+01:00" testType="13cdc9d9-ddb5-4fa4-a97d-d965ccfc6d4b" outcome="Passed" testListId="8c84fa94-04c1-424b-9868-57a2d4851a1d" relativeResultsDirectory="d81f0135-923f-4462-95ae-e3403a4ac2e5" />
    <UnitTestResult executionId="b422b717-e819-4d5b-a940-0e6eae5b557a" testId="5cf09bdd-8aa1-ecc4-d9d9-65a6de308f42" testName="CollectManagement.Tests.Infrastructure.Repositories.AlerteRepositoryTests.ExistsByDeviceDateAndTypeAsync_Should_Return_True" computerName="DESKTOP-3K30LOO" duration="00:00:00.0087738" startTime="2026-07-27T21:29:29.2250984+01:00" endTime="2026-07-27T21:29:29.2250985+01:00" testType="13cdc9d9-ddb5-4fa4-a97d-d965ccfc6d4b" outcome="Passed" testListId="8c84fa94-04c1-424b-9868-57a2d4851a1d" relativeResultsDirectory="b422b717-e819-4d5b-a940-0e6eae5b557a" />
    <UnitTestResult executionId="6e831a19-1b01-4d70-869e-dc281fba50f2" testId="a7830228-80d1-310b-8a43-6ebef34eff4a" testName="CollectManagement.Tests.Features.Maintenances.Mapping.MaintenanceMappingTests.ShouldMapMaintenanceToCreateMaintenanceResponse" computerName="DESKTOP-3K30LOO" duration="00:00:00.0558563" startTime="2026-07-27T21:29:29.2274631+01:00" endTime="2026-07-27T21:29:29.2274631+01:00" testType="13cdc9d9-ddb5-4fa4-a97d-d965ccfc6d4b" outcome="Passed" testListId="8c84fa94-04c1-424b-9868-57a2d4851a1d" relativeResultsDirectory="6e831a19-1b01-4d70-869e-dc281fba50f2" />
    <UnitTestResult executionId="2c461f7a-851b-49e5-89fb-08bf1846aa42" testId="cb23f478-0f30-f845-4357-35b5e67d8572" testName="CollectManagement.Tests.Features.Types.Queries.GetOneTypeQueryHandlerTests.Handle_Should_Return_Type_When_Exists" computerName="DESKTOP-3K30LOO" duration="00:00:00.0519023" startTime="2026-07-27T21:29:29.2305845+01:00" endTime="2026-07-27T21:29:29.2305846+01:00" testType="13cdc9d9-ddb5-4fa4-a97d-d965ccfc6d4b" outcome="Passed" testListId="8c84fa94-04c1-424b-9868-57a2d4851a1d" relativeResultsDirectory="2c461f7a-851b-49e5-89fb-08bf1846aa42" />
    <UnitTestResult executionId="30a4bbac-64c5-4c4a-8878-a6cf2bcc6147" testId="f30e737f-fdf9-ddb5-7f9a-e34cd27457dc" testName="CollectManagement.Tests.Features.Alertes.Mapping.AlerteMappingTests.ShouldMapAlerteToGetOneAlerteResponse" computerName="DESKTOP-3K30LOO" duration="00:00:00.2220157" startTime="2026-07-27T21:29:29.2298360+01:00" endTime="2026-07-27T21:29:29.2298362+01:00" testType="13cdc9d9-ddb5-4fa4-a97d-d965ccfc6d4b" outcome="Passed" testListId="8c84fa94-04c1-424b-9868-57a2d4851a1d" relativeResultsDirectory="30a4bbac-64c5-4c4a-8878-a6cf2bcc6147" />
    <UnitTestResult executionId="6bc0bb19-84e0-47cb-ab88-7e2461a69491" testId="280ff984-e028-a7cf-24ca-d0c50e1a2129" testName="CollectManagement.Tests.Features.Alertes.CreateAlerteCommandHandlerTests.HandleShouldCreateAlerteWhenCommandIsValid" computerName="DESKTOP-3K30LOO" duration="00:00:00.0368459" startTime="2026-07-27T21:29:29.2320719+01:00" endTime="2026-07-27T21:29:29.2320720+01:00" testType="13cdc9d9-ddb5-4fa4-a97d-d965ccfc6d4b" outcome="Passed" testListId="8c84fa94-04c1-424b-9868-57a2d4851a1d" relativeResultsDirectory="6bc0bb19-84e0-47cb-ab88-7e2461a69491" />
    <UnitTestResult executionId="7a26292b-91cb-49c7-8e44-46791f00b8a4" testId="32f852eb-8b01-3695-914d-503555daf95d" testName="CollectManagement.Tests.Features.Alertes.GetPagedListAlerteQueryHandlerTests.HandleShouldReturnPagedResult" computerName="DESKTOP-3K30LOO" duration="00:00:00.1805846" startTime="2026-07-27T21:29:29.1871623+01:00" endTime="2026-07-27T21:29:29.1871624+01:00" testType="13cdc9d9-ddb5-4fa4-a97d-d965ccfc6d4b" outcome="Passed" testListId="8c84fa94-04c1-424b-9868-57a2d4851a1d" relativeResultsDirectory="7a26292b-91cb-49c7-8e44-46791f00b8a4" />
    <UnitTestResult executionId="60d0eb91-31a4-46d4-8f36-86c26e59121b" testId="7ba2e6bc-f81a-5106-a87d-0b656eb0065b" testName="CollectManagement.Tests.Infrastructure.Repositories.AlerteRepositoryTests.GetOneAsync_Should_Return_Alerte" computerName="DESKTOP-3K30LOO" duration="00:00:00.1877214" startTime="2026-07-27T21:29:29.2167126+01:00" endTime="2026-07-27T21:29:29.2167127+01:00" testType="13cdc9d9-ddb5-4fa4-a97d-d965ccfc6d4b" outcome="Passed" testListId="8c84fa94-04c1-424b-9868-57a2d4851a1d" relativeResultsDirectory="60d0eb91-31a4-46d4-8f36-86c26e59121b" />
    <UnitTestResult executionId="013e199a-1a88-402c-b57f-350d6b315c7f" testId="1a3346db-ebbd-7055-b006-a54180770ce0" testName="CollectManagement.Tests.Features.Devices.DeleteDeviceCommandHandlerTests.Handle_Should_Delete_Device" computerName="DESKTOP-3K30LOO" duration="00:00:00.0007249" startTime="2026-07-27T21:29:29.2265086+01:00" endTime="2026-07-27T21:29:29.2265087+01:00" testType="13cdc9d9-ddb5-4fa4-a97d-d965ccfc6d4b" outcome="Passed" testListId="8c84fa94-04c1-424b-9868-57a2d4851a1d" relativeResultsDirectory="013e199a-1a88-402c-b57f-350d6b315c7f" />
    <UnitTestResult executionId="325d439d-549e-4ae8-895e-310f27e6c6cb" testId="38f092b0-eda5-b500-fecc-90977fd6c764" testName="CollectManagement.Tests.Features.Alertes.UpdateAlerteCommandHandlerTests.Handle_Should_Update_Alerte_When_Exists" computerName="DESKTOP-3K30LOO" duration="00:00:00.0149810" startTime="2026-07-27T21:29:29.1866631+01:00" endTime="2026-07-27T21:29:29.1866635+01:00" testType="13cdc9d9-ddb5-4fa4-a97d-d965ccfc6d4b" outcome="Passed" testListId="8c84fa94-04c1-424b-9868-57a2d4851a1d" relativeResultsDirectory="325d439d-549e-4ae8-895e-310f27e6c6cb" />
    <UnitTestResult executionId="262642fe-9ae7-4263-9af1-78b449e018b1" testId="9cc6aeb2-8ac0-7de5-e8ec-1cd2906fd400" testName="CollectManagement.Tests.Features.Domain.Types.TypeTests.Update_Should_Modify_Type" computerName="DESKTOP-3K30LOO" duration="00:00:00.0006633" startTime="2026-07-27T21:29:29.2228229+01:00" endTime="2026-07-27T21:29:29.2228231+01:00" testType="13cdc9d9-ddb5-4fa4-a97d-d965ccfc6d4b" outcome="Passed" testListId="8c84fa94-04c1-424b-9868-57a2d4851a1d" relativeResultsDirectory="262642fe-9ae7-4263-9af1-78b449e018b1" />
    <UnitTestResult executionId="705432f6-4b70-4a02-aae2-25d7751ab584" testId="3e36e565-4e35-1a83-62f9-be81a636d566" testName="CollectManagement.Tests.Features.Devices.CreateDeviceCommandHandlerTests.HandleShouldCreateDeviceWhenCommandIsValid" computerName="DESKTOP-3K30LOO" duration="00:00:00.0271690" startTime="2026-07-27T21:29:29.2312754+01:00" endTime="2026-07-27T21:29:29.2312754+01:00" testType="13cdc9d9-ddb5-4fa4-a97d-d965ccfc6d4b" outcome="Passed" testListId="8c84fa94-04c1-424b-9868-57a2d4851a1d" relativeResultsDirectory="705432f6-4b70-4a02-aae2-25d7751ab584" />
    <UnitTestResult executionId="efb5afc3-4976-4d67-842a-1b8fbbb954ae" testId="49411248-21bf-db5a-4ab9-4483acb3cc2f" testName="CollectManagement.Tests.Features.Maintenances.Commands.CreateMaintenanceCommandHandlerTests.Handle_Should_Create_Maintenance" computerName="DESKTOP-3K30LOO" duration="00:00:00.1855919" startTime="2026-07-27T21:29:29.2157853+01:00" endTime="2026-07-27T21:29:29.2157857+01:00" testType="13cdc9d9-ddb5-4fa4-a97d-d965ccfc6d4b" outcome="Passed" testListId="8c84fa94-04c1-424b-9868-57a2d4851a1d" relativeResultsDirectory="efb5afc3-4976-4d67-842a-1b8fbbb954ae" />
    <UnitTestResult executionId="fd41d9d4-f445-4723-990f-0e0c3186f85f" testId="124488f5-599e-4cee-a1fd-25047be7054e" testName="CollectManagement.Tests.Features.Types.Commands.UpdateTypeCommandHandlerTests.Handle_Should_Update_Type" computerName="DESKTOP-3K30LOO" duration="00:00:00.1578918" startTime="2026-07-27T21:29:29.1760156+01:00" endTime="2026-07-27T21:29:29.1760157+01:00" testType="13cdc9d9-ddb5-4fa4-a97d-d965ccfc6d4b" outcome="Passed" testListId="8c84fa94-04c1-424b-9868-57a2d4851a1d" relativeResultsDirectory="fd41d9d4-f445-4723-990f-0e0c3186f85f" />
    <UnitTestResult executionId="fdf7fdd3-d0e8-4ac1-8425-cb1a4b0f4425" testId="dbd25577-d00f-ce3f-7388-90a6f0a0e1f7" testName="CollectManagement.Tests.Features.Types.Commands.DeleteTypeCommandHandlerTests.HandleShouldDeleteType" computerName="DESKTOP-3K30LOO" duration="00:00:00.1533996" startTime="2026-07-27T21:29:29.1773662+01:00" endTime="2026-07-27T21:29:29.1773663+01:00" testType="13cdc9d9-ddb5-4fa4-a97d-d965ccfc6d4b" outcome="Passed" testListId="8c84fa94-04c1-424b-9868-57a2d4851a1d" relativeResultsDirectory="fdf7fdd3-d0e8-4ac1-8425-cb1a4b0f4425" />
    <UnitTestResult executionId="d2447567-b94d-4299-a3b2-e6d22e4e812b" testId="a6011736-b531-b328-eeee-d0f00ba33a0f" testName="CollectManagement.Tests.Features.Maintenances.Mapping.MaintenanceMappingTests.ShouldMapMaintenanceToGetOneMaintenanceResponse" computerName="DESKTOP-3K30LOO" duration="00:00:00.0119119" startTime="2026-07-27T21:29:29.2351480+01:00" endTime="2026-07-27T21:29:29.2351489+01:00" testType="13cdc9d9-ddb5-4fa4-a97d-d965ccfc6d4b" outcome="Passed" testListId="8c84fa94-04c1-424b-9868-57a2d4851a1d" relativeResultsDirectory="d2447567-b94d-4299-a3b2-e6d22e4e812b" />
    <UnitTestResult executionId="65523e2e-4c51-47fc-b907-cf8477920970" testId="cb530ff7-c723-e303-e27b-56326d3473b0" testName="CollectManagement.Tests.Features.Maintenances.Queries.GetPagedListMaintenanceQueryHandlerTests.HandleShouldReturnPagedMaintenances" computerName="DESKTOP-3K30LOO" duration="00:00:00.0062593" startTime="2026-07-27T21:29:29.2181598+01:00" endTime="2026-07-27T21:29:29.2181599+01:00" testType="13cdc9d9-ddb5-4fa4-a97d-d965ccfc6d4b" outcome="Passed" testListId="8c84fa94-04c1-424b-9868-57a2d4851a1d" relativeResultsDirectory="65523e2e-4c51-47fc-b907-cf8477920970" />
    <UnitTestResult executionId="398733cc-2bc8-4708-8753-60ead176db6a" testId="4abf653e-7532-247b-450b-4382493a37e9" testName="CollectManagement.Tests.Features.Devices.UpdateDeviceCommandHandlerTests.HandleShouldUpdateDeviceWhenExists" computerName="DESKTOP-3K30LOO" duration="00:00:00.1703116" startTime="2026-07-27T21:29:29.1811746+01:00" endTime="2026-07-27T21:29:29.1811747+01:00" testType="13cdc9d9-ddb5-4fa4-a97d-d965ccfc6d4b" outcome="Passed" testListId="8c84fa94-04c1-424b-9868-57a2d4851a1d" relativeResultsDirectory="398733cc-2bc8-4708-8753-60ead176db6a" />
    <UnitTestResult executionId="afdb0714-31e8-44bc-96cf-2b2ac7c16ba1" testId="2efef231-585f-94a5-ab00-757bc6abeb91" testName="CollectManagement.Tests.Features.Devices.Mapping.DeviceMappingTests.Should_Map_Device_To_GetOneDeviceResponse" computerName="DESKTOP-3K30LOO" duration="00:00:00.2216594" startTime="2026-07-27T21:29:29.2290298+01:00" endTime="2026-07-27T21:29:29.2290301+01:00" testType="13cdc9d9-ddb5-4fa4-a97d-d965ccfc6d4b" outcome="Passed" testListId="8c84fa94-04c1-424b-9868-57a2d4851a1d" relativeResultsDirectory="afdb0714-31e8-44bc-96cf-2b2ac7c16ba1" />
  </Results>
  <TestDefinitions>
    <UnitTest name="CollectManagement.Tests.Features.Types.Mapping.TypeMappingTests.Should_Map_Type_To_CreateTypeResponse" storage="c:\users\administrateur\desktop\gestionalarmepfe\backend\tests\collectmanagement.tests\bin\debug\net8.0\collectmanagement.tests.dll" id="78888aa4-27ec-53c2-a20c-99807d853c1a">
      <Execution id="948affc8-4637-4889-bd73-374a280bbf4b" />
      <TestMethod codeBase="C:\Users\Administrateur\Desktop\GestionAlarmePFE\Backend\tests\CollectManagement.Tests\bin\Debug\net8.0\CollectManagement.Tests.dll" adapterTypeName="executor://xunit/VsTestRunner2/netcoreapp" className="CollectManagement.Tests.Features.Types.Mapping.TypeMappingTests" name="Should_Map_Type_To_CreateTypeResponse" />
    </UnitTest>
    <UnitTest name="CollectManagement.Tests.Features.Devices.GetOneDeviceQueryHandlerTests.HandleShouldReturnDeviceWhenExists" storage="c:\users\administrateur\desktop\gestionalarmepfe\backend\tests\collectmanagement.tests\bin\debug\net8.0\collectmanagement.tests.dll" id="05f5f8de-970e-d0a7-ed20-8621a45e0c05">
      <Execution id="99ff34ed-ebbd-4c95-89ef-1ad49dc38649" />
      <TestMethod codeBase="C:\Users\Administrateur\Desktop\GestionAlarmePFE\Backend\tests\CollectManagement.Tests\bin\Debug\net8.0\CollectManagement.Tests.dll" adapterTypeName="executor://xunit/VsTestRunner2/netcoreapp" className="CollectManagement.Tests.Features.Devices.GetOneDeviceQueryHandlerTests" name="HandleShouldReturnDeviceWhenExists" />
    </UnitTest>
    <UnitTest name="CollectManagement.Tests.Features.Alertes.UpdateAlerteCommandHandlerTests.Handle_Should_Update_Alerte_When_Exists" storage="c:\users\administrateur\desktop\gestionalarmepfe\backend\tests\collectmanagement.tests\bin\debug\net8.0\collectmanagement.tests.dll" id="38f092b0-eda5-b500-fecc-90977fd6c764">
      <Execution id="325d439d-549e-4ae8-895e-310f27e6c6cb" />
      <TestMethod codeBase="C:\Users\Administrateur\Desktop\GestionAlarmePFE\Backend\tests\CollectManagement.Tests\bin\Debug\net8.0\CollectManagement.Tests.dll" adapterTypeName="executor://xunit/VsTestRunner2/netcoreapp" className="CollectManagement.Tests.Features.Alertes.UpdateAlerteCommandHandlerTests" name="Handle_Should_Update_Alerte_When_Exists" />
    </UnitTest>
    <UnitTest name="CollectManagement.Tests.Features.Maintenances.Mapping.MaintenanceMappingTests.ShouldMapMaintenanceToGetOneMaintenanceResponse" storage="c:\users\administrateur\desktop\gestionalarmepfe\backend\tests\collectmanagement.tests\bin\debug\net8.0\collectmanagement.tests.dll" id="a6011736-b531-b328-eeee-d0f00ba33a0f">
      <Execution id="d2447567-b94d-4299-a3b2-e6d22e4e812b" />
      <TestMethod codeBase="C:\Users\Administrateur\Desktop\GestionAlarmePFE\Backend\tests\CollectManagement.Tests\bin\Debug\net8.0\CollectManagement.Tests.dll" adapterTypeName="executor://xunit/VsTestRunner2/netcoreapp" className="CollectManagement.Tests.Features.Maintenances.Mapping.MaintenanceMappingTests" name="ShouldMapMaintenanceToGetOneMaintenanceResponse" />
    </UnitTest>
    <UnitTest name="CollectManagement.Tests.Features.Types.Mapping.TypeMappingTests.Should_Map_Type_To_GetOneTypeResponse" storage="c:\users\administrateur\desktop\gestionalarmepfe\backend\tests\collectmanagement.tests\bin\debug\net8.0\collectmanagement.tests.dll" id="324b3aae-fd02-d455-ee4e-8584943c3ac7">
      <Execution id="52fa7e93-b813-457c-ba7a-da9bde7754fc" />
      <TestMethod codeBase="C:\Users\Administrateur\Desktop\GestionAlarmePFE\Backend\tests\CollectManagement.Tests\bin\Debug\net8.0\CollectManagement.Tests.dll" adapterTypeName="executor://xunit/VsTestRunner2/netcoreapp" className="CollectManagement.Tests.Features.Types.Mapping.TypeMappingTests" name="Should_Map_Type_To_GetOneTypeResponse" />
    </UnitTest>
    <UnitTest name="CollectManagement.Tests.Features.Types.Commands.CreateTypeCommandHandlerTests.Handle_Should_Create_Type" storage="c:\users\administrateur\desktop\gestionalarmepfe\backend\tests\collectmanagement.tests\bin\debug\net8.0\collectmanagement.tests.dll" id="da364873-23e4-7a4d-67cd-51dfff98ca17">
      <Execution id="292e8509-b908-4ba7-9b88-69755382cdc3" />
      <TestMethod codeBase="C:\Users\Administrateur\Desktop\GestionAlarmePFE\Backend\tests\CollectManagement.Tests\bin\Debug\net8.0\CollectManagement.Tests.dll" adapterTypeName="executor://xunit/VsTestRunner2/netcoreapp" className="CollectManagement.Tests.Features.Types.Commands.CreateTypeCommandHandlerTests" name="Handle_Should_Create_Type" />
    </UnitTest>
    <UnitTest name="CollectManagement.Tests.Features.Maintenances.Queries.GetOneMaintenanceQueryHandlerTests.Handle_Should_Return_Maintenance_When_Exists" storage="c:\users\administrateur\desktop\gestionalarmepfe\backend\tests\collectmanagement.tests\bin\debug\net8.0\collectmanagement.tests.dll" id="f4b4bd24-cd1e-c52c-f771-ed63f057321c">
      <Execution id="7615a1a8-edcf-4b07-be25-87117c7c2c50" />
      <TestMethod codeBase="C:\Users\Administrateur\Desktop\GestionAlarmePFE\Backend\tests\CollectManagement.Tests\bin\Debug\net8.0\CollectManagement.Tests.dll" adapterTypeName="executor://xunit/VsTestRunner2/netcoreapp" className="CollectManagement.Tests.Features.Maintenances.Queries.GetOneMaintenanceQueryHandlerTests" name="Handle_Should_Return_Maintenance_When_Exists" />
    </UnitTest>
    <UnitTest name="CollectManagement.Tests.Features.Devices.DeleteDeviceCommandHandlerTests.Handle_Should_Delete_Device" storage="c:\users\administrateur\desktop\gestionalarmepfe\backend\tests\collectmanagement.tests\bin\debug\net8.0\collectmanagement.tests.dll" id="1a3346db-ebbd-7055-b006-a54180770ce0">
      <Execution id="013e199a-1a88-402c-b57f-350d6b315c7f" />
      <TestMethod codeBase="C:\Users\Administrateur\Desktop\GestionAlarmePFE\Backend\tests\CollectManagement.Tests\bin\Debug\net8.0\CollectManagement.Tests.dll" adapterTypeName="executor://xunit/VsTestRunner2/netcoreapp" className="CollectManagement.Tests.Features.Devices.DeleteDeviceCommandHandlerTests" name="Handle_Should_Delete_Device" />
    </UnitTest>
    <UnitTest name="CollectManagement.Tests.Features.Types.Queries.GetOneTypeQueryHandlerTests.Handle_Should_Return_Type_When_Exists" storage="c:\users\administrateur\desktop\gestionalarmepfe\backend\tests\collectmanagement.tests\bin\debug\net8.0\collectmanagement.tests.dll" id="cb23f478-0f30-f845-4357-35b5e67d8572">
      <Execution id="2c461f7a-851b-49e5-89fb-08bf1846aa42" />
      <TestMethod codeBase="C:\Users\Administrateur\Desktop\GestionAlarmePFE\Backend\tests\CollectManagement.Tests\bin\Debug\net8.0\CollectManagement.Tests.dll" adapterTypeName="executor://xunit/VsTestRunner2/netcoreapp" className="CollectManagement.Tests.Features.Types.Queries.GetOneTypeQueryHandlerTests" name="Handle_Should_Return_Type_When_Exists" />
    </UnitTest>
    <UnitTest name="CollectManagement.Tests.Features.Alertes.Mapping.AlerteMappingTests.ShouldMapAlerteToGetOneAlerteResponse" storage="c:\users\administrateur\desktop\gestionalarmepfe\backend\tests\collectmanagement.tests\bin\debug\net8.0\collectmanagement.tests.dll" id="f30e737f-fdf9-ddb5-7f9a-e34cd27457dc">
      <Execution id="30a4bbac-64c5-4c4a-8878-a6cf2bcc6147" />
      <TestMethod codeBase="C:\Users\Administrateur\Desktop\GestionAlarmePFE\Backend\tests\CollectManagement.Tests\bin\Debug\net8.0\CollectManagement.Tests.dll" adapterTypeName="executor://xunit/VsTestRunner2/netcoreapp" className="CollectManagement.Tests.Features.Alertes.Mapping.AlerteMappingTests" name="ShouldMapAlerteToGetOneAlerteResponse" />
    </UnitTest>
    <UnitTest name="CollectManagement.Tests.Features.Devices.CreateDeviceCommandHandlerTests.HandleShouldCreateDeviceWhenCommandIsValid" storage="c:\users\administrateur\desktop\gestionalarmepfe\backend\tests\collectmanagement.tests\bin\debug\net8.0\collectmanagement.tests.dll" id="3e36e565-4e35-1a83-62f9-be81a636d566">
      <Execution id="705432f6-4b70-4a02-aae2-25d7751ab584" />
      <TestMethod codeBase="C:\Users\Administrateur\Desktop\GestionAlarmePFE\Backend\tests\CollectManagement.Tests\bin\Debug\net8.0\CollectManagement.Tests.dll" adapterTypeName="executor://xunit/VsTestRunner2/netcoreapp" className="CollectManagement.Tests.Features.Devices.CreateDeviceCommandHandlerTests" name="HandleShouldCreateDeviceWhenCommandIsValid" />
    </UnitTest>
    <UnitTest name="CollectManagement.Tests.Features.Devices.Mapping.DeviceMappingTests.Should_Map_Device_To_CreateDeviceResponse" storage="c:\users\administrateur\desktop\gestionalarmepfe\backend\tests\collectmanagement.tests\bin\debug\net8.0\collectmanagement.tests.dll" id="3efd9c0c-9d24-4e76-b98e-6ef11f3ddcee">
      <Execution id="d81f0135-923f-4462-95ae-e3403a4ac2e5" />
      <TestMethod codeBase="C:\Users\Administrateur\Desktop\GestionAlarmePFE\Backend\tests\CollectManagement.Tests\bin\Debug\net8.0\CollectManagement.Tests.dll" adapterTypeName="executor://xunit/VsTestRunner2/netcoreapp" className="CollectManagement.Tests.Features.Devices.Mapping.DeviceMappingTests" name="Should_Map_Device_To_CreateDeviceResponse" />
    </UnitTest>
    <UnitTest name="CollectManagement.Tests.Features.Maintenances.Commands.DeleteMaintenanceCommandHandlerTests.HandleShouldDeleteMaintenance" storage="c:\users\administrateur\desktop\gestionalarmepfe\backend\tests\collectmanagement.tests\bin\debug\net8.0\collectmanagement.tests.dll" id="7dd0b58e-6fcd-3c0e-3d66-fd73e0cc9bb3">
      <Execution id="44133270-7320-4b38-b735-532399932725" />
      <TestMethod codeBase="C:\Users\Administrateur\Desktop\GestionAlarmePFE\Backend\tests\CollectManagement.Tests\bin\Debug\net8.0\CollectManagement.Tests.dll" adapterTypeName="executor://xunit/VsTestRunner2/netcoreapp" className="CollectManagement.Tests.Features.Maintenances.Commands.DeleteMaintenanceCommandHandlerTests" name="HandleShouldDeleteMaintenance" />
    </UnitTest>
    <UnitTest name="CollectManagement.Tests.Infrastructure.Repositories.AlerteRepositoryTests.ExistsByDeviceDateAndTypeAsync_Should_Return_True" storage="c:\users\administrateur\desktop\gestionalarmepfe\backend\tests\collectmanagement.tests\bin\debug\net8.0\collectmanagement.tests.dll" id="5cf09bdd-8aa1-ecc4-d9d9-65a6de308f42">
      <Execution id="b422b717-e819-4d5b-a940-0e6eae5b557a" />
      <TestMethod codeBase="C:\Users\Administrateur\Desktop\GestionAlarmePFE\Backend\tests\CollectManagement.Tests\bin\Debug\net8.0\CollectManagement.Tests.dll" adapterTypeName="executor://xunit/VsTestRunner2/netcoreapp" className="CollectManagement.Tests.Infrastructure.Repositories.AlerteRepositoryTests" name="ExistsByDeviceDateAndTypeAsync_Should_Return_True" />
    </UnitTest>
    <UnitTest name="CollectManagement.Tests.Features.Maintenances.Mapping.MaintenanceMappingTests.ShouldMapMaintenanceToCreateMaintenanceResponse" storage="c:\users\administrateur\desktop\gestionalarmepfe\backend\tests\collectmanagement.tests\bin\debug\net8.0\collectmanagement.tests.dll" id="a7830228-80d1-310b-8a43-6ebef34eff4a">
      <Execution id="6e831a19-1b01-4d70-869e-dc281fba50f2" />
      <TestMethod codeBase="C:\Users\Administrateur\Desktop\GestionAlarmePFE\Backend\tests\CollectManagement.Tests\bin\Debug\net8.0\CollectManagement.Tests.dll" adapterTypeName="executor://xunit/VsTestRunner2/netcoreapp" className="CollectManagement.Tests.Features.Maintenances.Mapping.MaintenanceMappingTests" name="ShouldMapMaintenanceToCreateMaintenanceResponse" />
    </UnitTest>
    <UnitTest name="CollectManagement.Tests.Features.Alertes.CreateAlerteCommandHandlerTests.HandleShouldCreateAlerteWhenCommandIsValid" storage="c:\users\administrateur\desktop\gestionalarmepfe\backend\tests\collectmanagement.tests\bin\debug\net8.0\collectmanagement.tests.dll" id="280ff984-e028-a7cf-24ca-d0c50e1a2129">
      <Execution id="6bc0bb19-84e0-47cb-ab88-7e2461a69491" />
      <TestMethod codeBase="C:\Users\Administrateur\Desktop\GestionAlarmePFE\Backend\tests\CollectManagement.Tests\bin\Debug\net8.0\CollectManagement.Tests.dll" adapterTypeName="executor://xunit/VsTestRunner2/netcoreapp" className="CollectManagement.Tests.Features.Alertes.CreateAlerteCommandHandlerTests" name="HandleShouldCreateAlerteWhenCommandIsValid" />
    </UnitTest>
    <UnitTest name="CollectManagement.Tests.Features.Devices.UpdateDeviceCommandHandlerTests.HandleShouldUpdateDeviceWhenExists" storage="c:\users\administrateur\desktop\gestionalarmepfe\backend\tests\collectmanagement.tests\bin\debug\net8.0\collectmanagement.tests.dll" id="4abf653e-7532-247b-450b-4382493a37e9">
      <Execution id="398733cc-2bc8-4708-8753-60ead176db6a" />
      <TestMethod codeBase="C:\Users\Administrateur\Desktop\GestionAlarmePFE\Backend\tests\CollectManagement.Tests\bin\Debug\net8.0\CollectManagement.Tests.dll" adapterTypeName="executor://xunit/VsTestRunner2/netcoreapp" className="CollectManagement.Tests.Features.Devices.UpdateDeviceCommandHandlerTests" name="HandleShouldUpdateDeviceWhenExists" />
    </UnitTest>
    <UnitTest name="CollectManagement.Tests.Features.Devices.GetPagedListDeviceQueryHandlerTests.HandleShouldReturnPagedResult" storage="c:\users\administrateur\desktop\gestionalarmepfe\backend\tests\collectmanagement.tests\bin\debug\net8.0\collectmanagement.tests.dll" id="81b23979-fe63-4eaf-668b-bab4d33f346f">
      <Execution id="9af97d30-b4c0-4881-93bd-5c0c6d5a2617" />
      <TestMethod codeBase="C:\Users\Administrateur\Desktop\GestionAlarmePFE\Backend\tests\CollectManagement.Tests\bin\Debug\net8.0\CollectManagement.Tests.dll" adapterTypeName="executor://xunit/VsTestRunner2/netcoreapp" className="CollectManagement.Tests.Features.Devices.GetPagedListDeviceQueryHandlerTests" name="HandleShouldReturnPagedResult" />
    </UnitTest>
    <UnitTest name="CollectManagement.Tests.Features.Alertes.GetPagedListAlerteQueryHandlerTests.HandleShouldReturnPagedResult" storage="c:\users\administrateur\desktop\gestionalarmepfe\backend\tests\collectmanagement.tests\bin\debug\net8.0\collectmanagement.tests.dll" id="32f852eb-8b01-3695-914d-503555daf95d">
      <Execution id="7a26292b-91cb-49c7-8e44-46791f00b8a4" />
      <TestMethod codeBase="C:\Users\Administrateur\Desktop\GestionAlarmePFE\Backend\tests\CollectManagement.Tests\bin\Debug\net8.0\CollectManagement.Tests.dll" adapterTypeName="executor://xunit/VsTestRunner2/netcoreapp" className="CollectManagement.Tests.Features.Alertes.GetPagedListAlerteQueryHandlerTests" name="HandleShouldReturnPagedResult" />
    </UnitTest>
    <UnitTest name="CollectManagement.Tests.Features.Alertes.DeleteAlerteCommandHandlerTests.Handle_Should_Delete_Alerte" storage="c:\users\administrateur\desktop\gestionalarmepfe\backend\tests\collectmanagement.tests\bin\debug\net8.0\collectmanagement.tests.dll" id="81532a87-5c14-a660-ca12-d16ccfbf44bb">
      <Execution id="0fc6ab4a-4109-4137-8018-1a268f28f1c7" />
      <TestMethod codeBase="C:\Users\Administrateur\Desktop\GestionAlarmePFE\Backend\tests\CollectManagement.Tests\bin\Debug\net8.0\CollectManagement.Tests.dll" adapterTypeName="executor://xunit/VsTestRunner2/netcoreapp" className="CollectManagement.Tests.Features.Alertes.DeleteAlerteCommandHandlerTests" name="Handle_Should_Delete_Alerte" />
    </UnitTest>
    <UnitTest name="CollectManagement.Tests.Features.Domain.Types.TypeTests.Create_Should_Create_Type" storage="c:\users\administrateur\desktop\gestionalarmepfe\backend\tests\collectmanagement.tests\bin\debug\net8.0\collectmanagement.tests.dll" id="38800080-3113-9458-32d3-d4927c3ea7dd">
      <Execution id="8f8c621f-13b6-4bf4-a8f7-00739c1cfc6e" />
      <TestMethod codeBase="C:\Users\Administrateur\Desktop\GestionAlarmePFE\Backend\tests\CollectManagement.Tests\bin\Debug\net8.0\CollectManagement.Tests.dll" adapterTypeName="executor://xunit/VsTestRunner2/netcoreapp" className="CollectManagement.Tests.Features.Domain.Types.TypeTests" name="Create_Should_Create_Type" />
    </UnitTest>
    <UnitTest name="CollectManagement.Tests.Infrastructure.Repositories.AlerteRepositoryTests.GetOneAsync_Should_Return_Alerte" storage="c:\users\administrateur\desktop\gestionalarmepfe\backend\tests\collectmanagement.tests\bin\debug\net8.0\collectmanagement.tests.dll" id="7ba2e6bc-f81a-5106-a87d-0b656eb0065b">
      <Execution id="60d0eb91-31a4-46d4-8f36-86c26e59121b" />
      <TestMethod codeBase="C:\Users\Administrateur\Desktop\GestionAlarmePFE\Backend\tests\CollectManagement.Tests\bin\Debug\net8.0\CollectManagement.Tests.dll" adapterTypeName="executor://xunit/VsTestRunner2/netcoreapp" className="CollectManagement.Tests.Infrastructure.Repositories.AlerteRepositoryTests" name="GetOneAsync_Should_Return_Alerte" />
    </UnitTest>
    <UnitTest name="CollectManagement.Tests.Features.Maintenances.Commands.CreateMaintenanceCommandHandlerTests.Handle_Should_Create_Maintenance" storage="c:\users\administrateur\desktop\gestionalarmepfe\backend\tests\collectmanagement.tests\bin\debug\net8.0\collectmanagement.tests.dll" id="49411248-21bf-db5a-4ab9-4483acb3cc2f">
      <Execution id="efb5afc3-4976-4d67-842a-1b8fbbb954ae" />
      <TestMethod codeBase="C:\Users\Administrateur\Desktop\GestionAlarmePFE\Backend\tests\CollectManagement.Tests\bin\Debug\net8.0\CollectManagement.Tests.dll" adapterTypeName="executor://xunit/VsTestRunner2/netcoreapp" className="CollectManagement.Tests.Features.Maintenances.Commands.CreateMaintenanceCommandHandlerTests" name="Handle_Should_Create_Maintenance" />
    </UnitTest>
    <UnitTest name="CollectManagement.Tests.Features.Domain.Types.TypeTests.Update_Should_Modify_Type" storage="c:\users\administrateur\desktop\gestionalarmepfe\backend\tests\collectmanagement.tests\bin\debug\net8.0\collectmanagement.tests.dll" id="9cc6aeb2-8ac0-7de5-e8ec-1cd2906fd400">
      <Execution id="262642fe-9ae7-4263-9af1-78b449e018b1" />
      <TestMethod codeBase="C:\Users\Administrateur\Desktop\GestionAlarmePFE\Backend\tests\CollectManagement.Tests\bin\Debug\net8.0\CollectManagement.Tests.dll" adapterTypeName="executor://xunit/VsTestRunner2/netcoreapp" className="CollectManagement.Tests.Features.Domain.Types.TypeTests" name="Update_Should_Modify_Type" />
    </UnitTest>
    <UnitTest name="CollectManagement.Tests.Features.Maintenances.Commands.UpdateMaintenanceCommandHandlerTests.HandleShouldUpdateMaintenance" storage="c:\users\administrateur\desktop\gestionalarmepfe\backend\tests\collectmanagement.tests\bin\debug\net8.0\collectmanagement.tests.dll" id="c066f640-6e49-69aa-0b43-f5f8b0acf1a9">
      <Execution id="7cf31ca4-6d55-4f55-b03c-f85563a0c4de" />
      <TestMethod codeBase="C:\Users\Administrateur\Desktop\GestionAlarmePFE\Backend\tests\CollectManagement.Tests\bin\Debug\net8.0\CollectManagement.Tests.dll" adapterTypeName="executor://xunit/VsTestRunner2/netcoreapp" className="CollectManagement.Tests.Features.Maintenances.Commands.UpdateMaintenanceCommandHandlerTests" name="HandleShouldUpdateMaintenance" />
    </UnitTest>
    <UnitTest name="CollectManagement.Tests.Features.Alertes.GetOneAlerteQueryHandlerTests.HandleShouldReturnAlerteWhenExists" storage="c:\users\administrateur\desktop\gestionalarmepfe\backend\tests\collectmanagement.tests\bin\debug\net8.0\collectmanagement.tests.dll" id="19d2514c-1f2f-2294-ac17-bdb20e8b2e53">
      <Execution id="fb9cbeb4-f72f-4e41-b979-551ea9eb08c9" />
      <TestMethod codeBase="C:\Users\Administrateur\Desktop\GestionAlarmePFE\Backend\tests\CollectManagement.Tests\bin\Debug\net8.0\CollectManagement.Tests.dll" adapterTypeName="executor://xunit/VsTestRunner2/netcoreapp" className="CollectManagement.Tests.Features.Alertes.GetOneAlerteQueryHandlerTests" name="HandleShouldReturnAlerteWhenExists" />
    </UnitTest>
    <UnitTest name="CollectManagement.Tests.Features.Types.Commands.UpdateTypeCommandHandlerTests.Handle_Should_Update_Type" storage="c:\users\administrateur\desktop\gestionalarmepfe\backend\tests\collectmanagement.tests\bin\debug\net8.0\collectmanagement.tests.dll" id="124488f5-599e-4cee-a1fd-25047be7054e">
      <Execution id="fd41d9d4-f445-4723-990f-0e0c3186f85f" />
      <TestMethod codeBase="C:\Users\Administrateur\Desktop\GestionAlarmePFE\Backend\tests\CollectManagement.Tests\bin\Debug\net8.0\CollectManagement.Tests.dll" adapterTypeName="executor://xunit/VsTestRunner2/netcoreapp" className="CollectManagement.Tests.Features.Types.Commands.UpdateTypeCommandHandlerTests" name="Handle_Should_Update_Type" />
    </UnitTest>
    <UnitTest name="CollectManagement.Tests.Features.Types.Commands.DeleteTypeCommandHandlerTests.HandleShouldDeleteType" storage="c:\users\administrateur\desktop\gestionalarmepfe\backend\tests\collectmanagement.tests\bin\debug\net8.0\collectmanagement.tests.dll" id="dbd25577-d00f-ce3f-7388-90a6f0a0e1f7">
      <Execution id="fdf7fdd3-d0e8-4ac1-8425-cb1a4b0f4425" />
      <TestMethod codeBase="C:\Users\Administrateur\Desktop\GestionAlarmePFE\Backend\tests\CollectManagement.Tests\bin\Debug\net8.0\CollectManagement.Tests.dll" adapterTypeName="executor://xunit/VsTestRunner2/netcoreapp" className="CollectManagement.Tests.Features.Types.Commands.DeleteTypeCommandHandlerTests" name="HandleShouldDeleteType" />
    </UnitTest>
    <UnitTest name="CollectManagement.Tests.Features.Maintenances.Queries.GetPagedListMaintenanceQueryHandlerTests.HandleShouldReturnPagedMaintenances" storage="c:\users\administrateur\desktop\gestionalarmepfe\backend\tests\collectmanagement.tests\bin\debug\net8.0\collectmanagement.tests.dll" id="cb530ff7-c723-e303-e27b-56326d3473b0">
      <Execution id="65523e2e-4c51-47fc-b907-cf8477920970" />
      <TestMethod codeBase="C:\Users\Administrateur\Desktop\GestionAlarmePFE\Backend\tests\CollectManagement.Tests\bin\Debug\net8.0\CollectManagement.Tests.dll" adapterTypeName="executor://xunit/VsTestRunner2/netcoreapp" className="CollectManagement.Tests.Features.Maintenances.Queries.GetPagedListMaintenanceQueryHandlerTests" name="HandleShouldReturnPagedMaintenances" />
    </UnitTest>
    <UnitTest name="CollectManagement.Tests.Features.Alertes.Mapping.AlerteMappingTests.ShouldMapAlerteToCreateAlerteResponse" storage="c:\users\administrateur\desktop\gestionalarmepfe\backend\tests\collectmanagement.tests\bin\debug\net8.0\collectmanagement.tests.dll" id="cabd7737-29c4-5935-2920-061513578afe">
      <Execution id="333e8d60-ed3f-43d4-99c1-5a529e5c5abc" />
      <TestMethod codeBase="C:\Users\Administrateur\Desktop\GestionAlarmePFE\Backend\tests\CollectManagement.Tests\bin\Debug\net8.0\CollectManagement.Tests.dll" adapterTypeName="executor://xunit/VsTestRunner2/netcoreapp" className="CollectManagement.Tests.Features.Alertes.Mapping.AlerteMappingTests" name="ShouldMapAlerteToCreateAlerteResponse" />
    </UnitTest>
    <UnitTest name="CollectManagement.Tests.Features.Devices.Mapping.DeviceMappingTests.Should_Map_Device_To_GetOneDeviceResponse" storage="c:\users\administrateur\desktop\gestionalarmepfe\backend\tests\collectmanagement.tests\bin\debug\net8.0\collectmanagement.tests.dll" id="2efef231-585f-94a5-ab00-757bc6abeb91">
      <Execution id="afdb0714-31e8-44bc-96cf-2b2ac7c16ba1" />
      <TestMethod codeBase="C:\Users\Administrateur\Desktop\GestionAlarmePFE\Backend\tests\CollectManagement.Tests\bin\Debug\net8.0\CollectManagement.Tests.dll" adapterTypeName="executor://xunit/VsTestRunner2/netcoreapp" className="CollectManagement.Tests.Features.Devices.Mapping.DeviceMappingTests" name="Should_Map_Device_To_GetOneDeviceResponse" />
    </UnitTest>
    <UnitTest name="CollectManagement.Tests.Features.Types.Queries.GetPagedListTypeQueryHandlerTests.Handle_Should_Return_Paged_Types" storage="c:\users\administrateur\desktop\gestionalarmepfe\backend\tests\collectmanagement.tests\bin\debug\net8.0\collectmanagement.tests.dll" id="5be3ed0e-8502-fe5a-b4e2-e180f7a9e4fd">
      <Execution id="bd35e816-140a-4774-9b3e-20ed352a6a14" />
      <TestMethod codeBase="C:\Users\Administrateur\Desktop\GestionAlarmePFE\Backend\tests\CollectManagement.Tests\bin\Debug\net8.0\CollectManagement.Tests.dll" adapterTypeName="executor://xunit/VsTestRunner2/netcoreapp" className="CollectManagement.Tests.Features.Types.Queries.GetPagedListTypeQueryHandlerTests" name="Handle_Should_Return_Paged_Types" />
    </UnitTest>
  </TestDefinitions>
  <TestEntries>
    <TestEntry testId="324b3aae-fd02-d455-ee4e-8584943c3ac7" executionId="52fa7e93-b813-457c-ba7a-da9bde7754fc" testListId="8c84fa94-04c1-424b-9868-57a2d4851a1d" />
    <TestEntry testId="38800080-3113-9458-32d3-d4927c3ea7dd" executionId="8f8c621f-13b6-4bf4-a8f7-00739c1cfc6e" testListId="8c84fa94-04c1-424b-9868-57a2d4851a1d" />
    <TestEntry testId="f4b4bd24-cd1e-c52c-f771-ed63f057321c" executionId="7615a1a8-edcf-4b07-be25-87117c7c2c50" testListId="8c84fa94-04c1-424b-9868-57a2d4851a1d" />
    <TestEntry testId="cabd7737-29c4-5935-2920-061513578afe" executionId="333e8d60-ed3f-43d4-99c1-5a529e5c5abc" testListId="8c84fa94-04c1-424b-9868-57a2d4851a1d" />
    <TestEntry testId="78888aa4-27ec-53c2-a20c-99807d853c1a" executionId="948affc8-4637-4889-bd73-374a280bbf4b" testListId="8c84fa94-04c1-424b-9868-57a2d4851a1d" />
    <TestEntry testId="7dd0b58e-6fcd-3c0e-3d66-fd73e0cc9bb3" executionId="44133270-7320-4b38-b735-532399932725" testListId="8c84fa94-04c1-424b-9868-57a2d4851a1d" />
    <TestEntry testId="19d2514c-1f2f-2294-ac17-bdb20e8b2e53" executionId="fb9cbeb4-f72f-4e41-b979-551ea9eb08c9" testListId="8c84fa94-04c1-424b-9868-57a2d4851a1d" />
    <TestEntry testId="81b23979-fe63-4eaf-668b-bab4d33f346f" executionId="9af97d30-b4c0-4881-93bd-5c0c6d5a2617" testListId="8c84fa94-04c1-424b-9868-57a2d4851a1d" />
    <TestEntry testId="05f5f8de-970e-d0a7-ed20-8621a45e0c05" executionId="99ff34ed-ebbd-4c95-89ef-1ad49dc38649" testListId="8c84fa94-04c1-424b-9868-57a2d4851a1d" />
    <TestEntry testId="da364873-23e4-7a4d-67cd-51dfff98ca17" executionId="292e8509-b908-4ba7-9b88-69755382cdc3" testListId="8c84fa94-04c1-424b-9868-57a2d4851a1d" />
    <TestEntry testId="5be3ed0e-8502-fe5a-b4e2-e180f7a9e4fd" executionId="bd35e816-140a-4774-9b3e-20ed352a6a14" testListId="8c84fa94-04c1-424b-9868-57a2d4851a1d" />
    <TestEntry testId="81532a87-5c14-a660-ca12-d16ccfbf44bb" executionId="0fc6ab4a-4109-4137-8018-1a268f28f1c7" testListId="8c84fa94-04c1-424b-9868-57a2d4851a1d" />
    <TestEntry testId="c066f640-6e49-69aa-0b43-f5f8b0acf1a9" executionId="7cf31ca4-6d55-4f55-b03c-f85563a0c4de" testListId="8c84fa94-04c1-424b-9868-57a2d4851a1d" />
    <TestEntry testId="3efd9c0c-9d24-4e76-b98e-6ef11f3ddcee" executionId="d81f0135-923f-4462-95ae-e3403a4ac2e5" testListId="8c84fa94-04c1-424b-9868-57a2d4851a1d" />
    <TestEntry testId="5cf09bdd-8aa1-ecc4-d9d9-65a6de308f42" executionId="b422b717-e819-4d5b-a940-0e6eae5b557a" testListId="8c84fa94-04c1-424b-9868-57a2d4851a1d" />
    <TestEntry testId="a7830228-80d1-310b-8a43-6ebef34eff4a" executionId="6e831a19-1b01-4d70-869e-dc281fba50f2" testListId="8c84fa94-04c1-424b-9868-57a2d4851a1d" />
    <TestEntry testId="cb23f478-0f30-f845-4357-35b5e67d8572" executionId="2c461f7a-851b-49e5-89fb-08bf1846aa42" testListId="8c84fa94-04c1-424b-9868-57a2d4851a1d" />
    <TestEntry testId="f30e737f-fdf9-ddb5-7f9a-e34cd27457dc" executionId="30a4bbac-64c5-4c4a-8878-a6cf2bcc6147" testListId="8c84fa94-04c1-424b-9868-57a2d4851a1d" />
    <TestEntry testId="280ff984-e028-a7cf-24ca-d0c50e1a2129" executionId="6bc0bb19-84e0-47cb-ab88-7e2461a69491" testListId="8c84fa94-04c1-424b-9868-57a2d4851a1d" />
    <TestEntry testId="32f852eb-8b01-3695-914d-503555daf95d" executionId="7a26292b-91cb-49c7-8e44-46791f00b8a4" testListId="8c84fa94-04c1-424b-9868-57a2d4851a1d" />
    <TestEntry testId="7ba2e6bc-f81a-5106-a87d-0b656eb0065b" executionId="60d0eb91-31a4-46d4-8f36-86c26e59121b" testListId="8c84fa94-04c1-424b-9868-57a2d4851a1d" />
    <TestEntry testId="1a3346db-ebbd-7055-b006-a54180770ce0" executionId="013e199a-1a88-402c-b57f-350d6b315c7f" testListId="8c84fa94-04c1-424b-9868-57a2d4851a1d" />
    <TestEntry testId="38f092b0-eda5-b500-fecc-90977fd6c764" executionId="325d439d-549e-4ae8-895e-310f27e6c6cb" testListId="8c84fa94-04c1-424b-9868-57a2d4851a1d" />
    <TestEntry testId="9cc6aeb2-8ac0-7de5-e8ec-1cd2906fd400" executionId="262642fe-9ae7-4263-9af1-78b449e018b1" testListId="8c84fa94-04c1-424b-9868-57a2d4851a1d" />
    <TestEntry testId="3e36e565-4e35-1a83-62f9-be81a636d566" executionId="705432f6-4b70-4a02-aae2-25d7751ab584" testListId="8c84fa94-04c1-424b-9868-57a2d4851a1d" />
    <TestEntry testId="49411248-21bf-db5a-4ab9-4483acb3cc2f" executionId="efb5afc3-4976-4d67-842a-1b8fbbb954ae" testListId="8c84fa94-04c1-424b-9868-57a2d4851a1d" />
    <TestEntry testId="124488f5-599e-4cee-a1fd-25047be7054e" executionId="fd41d9d4-f445-4723-990f-0e0c3186f85f" testListId="8c84fa94-04c1-424b-9868-57a2d4851a1d" />
    <TestEntry testId="dbd25577-d00f-ce3f-7388-90a6f0a0e1f7" executionId="fdf7fdd3-d0e8-4ac1-8425-cb1a4b0f4425" testListId="8c84fa94-04c1-424b-9868-57a2d4851a1d" />
    <TestEntry testId="a6011736-b531-b328-eeee-d0f00ba33a0f" executionId="d2447567-b94d-4299-a3b2-e6d22e4e812b" testListId="8c84fa94-04c1-424b-9868-57a2d4851a1d" />
    <TestEntry testId="cb530ff7-c723-e303-e27b-56326d3473b0" executionId="65523e2e-4c51-47fc-b907-cf8477920970" testListId="8c84fa94-04c1-424b-9868-57a2d4851a1d" />
    <TestEntry testId="4abf653e-7532-247b-450b-4382493a37e9" executionId="398733cc-2bc8-4708-8753-60ead176db6a" testListId="8c84fa94-04c1-424b-9868-57a2d4851a1d" />
    <TestEntry testId="2efef231-585f-94a5-ab00-757bc6abeb91" executionId="afdb0714-31e8-44bc-96cf-2b2ac7c16ba1" testListId="8c84fa94-04c1-424b-9868-57a2d4851a1d" />
  </TestEntries>
  <TestLists>
    <TestList name="Les résultats ne figurent pas dans une liste" id="8c84fa94-04c1-424b-9868-57a2d4851a1d" />
    <TestList name="Tous les résultats chargés" id="19431567-8539-422a-85d7-44ee4e166bda" />
  </TestLists>
  <ResultSummary outcome="Completed">
    <Counters total="32" executed="32" passed="32" failed="0" error="0" timeout="0" aborted="0" inconclusive="0" passedButRunAborted="0" notRunnable="0" notExecuted="0" disconnected="0" warning="0" completed="0" inProgress="0" pending="0" />
    <Output>
      <StdOut>[xUnit.net 00:00:00.00] xUnit.net VSTest Adapter v2.8.2+699d445a1a (64-bit .NET 8.0.29)&#xD;
[xUnit.net 00:00:01.44]   Discovering: CollectManagement.Tests&#xD;
[xUnit.net 00:00:01.48]   Discovered:  CollectManagement.Tests&#xD;
[xUnit.net 00:00:01.48]   Starting:    CollectManagement.Tests&#xD;
     Warning:&#xD;
     The component "Fluent Assertions" is governed by the rules defined in the Xceed License Agreement and&#xD;
     the Xceed Fluent Assertions Community License. You may use Fluent Assertions free of charge for&#xD;
     non-commercial use only. An active subscription is required to use Fluent Assertions for commercial use.&#xD;
     Please contact Xceed Sales mailto:sales@xceed.com to acquire a subscription at a very low cost.&#xD;
     A paid commercial license supports the development and continued increasing support of&#xD;
     Fluent Assertions users under both commercial and community licenses. Help us&#xD;
     keep Fluent Assertions at the forefront of unit testing.&#xD;
     For more information, visit https://xceed.com/products/unit-testing/fluent-assertions/&#xD;
[xUnit.net 00:00:01.77]   Finished:    CollectManagement.Tests&#xD;
</StdOut>
    </Output>
    <CollectorDataEntries>
      <Collector agentName="DESKTOP-3K30LOO" uri="datacollector://microsoft/CoverletCodeCoverage/1.0" collectorDisplayName="XPlat code coverage">
        <UriAttachments>
          <UriAttachment>
            <A href="DESKTOP-3K30LOO\coverage.cobertura.xml"></A>
          </UriAttachment>
        </UriAttachments>
      </Collector>
    </CollectorDataEntries>
  </ResultSummary>
</TestRun>